<?xml version="1.0" encoding="UTF-8"?>
<testsuites name="jest tests" tests="3" failures="0" errors="0" time="0.46">
  <testsuite name="undefined" errors="0" failures="0" skipped="0" timestamp="2025-10-19T19:11:00" time="0.398" tests="3">
    <testcase classname=" addTask(prenom)" name=" addTask(prenom)" time="0.003">
    </testcase>
    <testcase classname=" toggleTask(id)" name=" toggleTask(id)" time="0">
    </testcase>
    <testcase classname=" countDone()" name=" countDone()" time="0">
    </testcase>
  </testsuite>
</testsuites>